// Vitest Snapshot v1

exports[` 1`] = `
<div>
  <form>
    <input
      name="title"
      onChange={[Function]}
      placeholder="Title"
      type="text"
      value=""
    />
    <textarea
      name="content"
      onChange={[Function]}
      placeholder="Take a note..."
      value=""
    />
    <button
      onClick={[Function]}
      style={
        {
          "display": "grid",
          "placeItems": "center",
        }
      }
    >
      <style
        dangerouslySetInnerHTML={
          {
            "__html": ".css-i4bv87-MuiSvgIcon-root{-webkit-user-select:none;-moz-user-select:none;-ms-user-select:none;user-select:none;width:1em;height:1em;display:inline-block;fill:currentColor;-webkit-flex-shrink:0;-ms-flex-negative:0;flex-shrink:0;-webkit-transition:fill 200ms cubic-bezier(0.4, 0, 0.2, 1) 0ms;transition:fill 200ms cubic-bezier(0.4, 0, 0.2, 1) 0ms;font-size:1.5rem;}",
          }
        }
        data-emotion="css i4bv87-MuiSvgIcon-root"
      />
      <svg
        aria-hidden={true}
        className="MuiSvgIcon-root MuiSvgIcon-fontSizeMedium css-i4bv87-MuiSvgIcon-root"
        data-testid="AddIcon"
        focusable="false"
        viewBox="0 0 24 24"
      >
        <path
          d="M19 13h-6v6h-2v-6H5v-2h6V5h2v6h6v2z"
        />
      </svg>
    </button>
  </form>
</div>
`;
